// Jest Snapshot v1, https://goo.gl/fbAQLP

exports[`<MovieModalHeader /> should render a movie details header 1`] = `
.c0 {
  background-color: #232323;
  position: relative;
}

.c0 h1 {
  color: #fff;
  text-transform: uppercase;
  font-weight: normal;
  padding: 30px 0 10px 80px;
  margin: 0;
}

.c0 span {
  position: absolute;
  top: 15px;
  right: 0;
  font-size: 15px;
  background: #232323;
  width: 35px;
  height: 35px;
  border: none;
  border-radius: 50%;
  outline: none;
  cursor: pointer;
}

.c0 span:focus {
  outline: none;
}

.c0 span:after {
  content: "\\2716";
  display: inline-block;
  color: #fff;
}

<div
  className="c0"
/>
`;
