// Jest Snapshot v1, https://goo.gl/fbAQLP

exports[`<MovieDetailsDescription /> should render a movie details description 1`] = `
.c0 {
  color: #fff;
}

.c0 div:first-child {
  display: -webkit-box;
  display: -webkit-flex;
  display: -ms-flexbox;
  display: flex;
  -webkit-align-items: center;
  -webkit-box-align: center;
  -ms-flex-align: center;
  align-items: center;
  margin: 0;
}

.c0 div:first-child span {
  color: #0beb0b;
  margin-left: 10px;
  padding: 5px;
  font-size: 20px;
  border: 1px solid #fff;
  border-radius: 50%;
}

.c0 span {
  font-size: 14px;
}

.c0 div:nth-last-child(2) {
  display: -webkit-box;
  display: -webkit-flex;
  display: -ms-flexbox;
  display: flex;
  -webkit-align-items: center;
  -webkit-box-align: center;
  -ms-flex-align: center;
  align-items: center;
  color: #f65261;
  margin: 10px 0;
}

.c0 div:nth-last-child(2) div {
  margin-right: 10px;
}

.c0 p {
  font-size: 15px;
}

<div
  className="c0"
/>
`;
