// Jest Snapshot v1, https://goo.gl/fbAQLP

exports[`<MoviesListWrapper /> should render a movies wrapper 1`] = `
.c0 {
  background-color: #232323;
}

<div
  className="c0"
/>
`;

exports[`<MoviesResultsWrapper /> should render a movies results wrapper 1`] = `
.c0 {
  background-color: #232323;
  display: -webkit-box;
  display: -webkit-flex;
  display: -ms-flexbox;
  display: flex;
  -webkit-flex-wrap: wrap;
  -ms-flex-wrap: wrap;
  flex-wrap: wrap;
  -webkit-box-pack: justify;
  -webkit-justify-content: space-between;
  -ms-flex-pack: justify;
  justify-content: space-between;
  padding: 0;
}

@media (max-width:900px) {
  .c0 {
    -webkit-box-pack: space-around;
    -webkit-justify-content: space-around;
    -ms-flex-pack: space-around;
    justify-content: space-around;
  }
}

<div
  className="sc-AxjAm c0"
/>
`;
